worker-go	Run go test ./...	﻿2026-02-17T06:30:21.7745341Z ##[group]Run go test ./...
worker-go	Run go test ./...	2026-02-17T06:30:21.7745815Z [36;1mgo test ./...[0m
worker-go	Run go test ./...	2026-02-17T06:30:21.7819487Z shell: /usr/bin/bash -e {0}
worker-go	Run go test ./...	2026-02-17T06:30:21.7819900Z ##[endgroup]
worker-go	Run go test ./...	2026-02-17T06:30:21.9735278Z # modulajar/apps/worker-go
worker-go	Run go test ./...	2026-02-17T06:30:21.9735958Z FAIL	modulajar/apps/worker-go [setup failed]
worker-go	Run go test ./...	2026-02-17T06:30:21.9765856Z ##[error]../core-go/db/db.go:10:2: missing go.sum entry for module providing package github.com/jackc/pgx/v5 (imported by modulajar/apps/core-go/db); to add:
worker-go	Run go test ./...	2026-02-17T06:30:21.9778045Z 	go get modulajar/apps/core-go/db@v0.0.0
worker-go	Run go test ./...	2026-02-17T06:30:21.9778574Z # modulajar/apps/worker-go
worker-go	Run go test ./...	2026-02-17T06:30:21.9780812Z ##[error]../core-go/db/db.go:11:2: missing go.sum entry for module providing package github.com/jackc/pgx/v5/pgxpool (imported by modulajar/apps/core-go/db); to add:
worker-go	Run go test ./...	2026-02-17T06:30:21.9782836Z 	go get modulajar/apps/core-go/db@v0.0.0
worker-go	Run go test ./...	2026-02-17T06:30:21.9783299Z FAIL
worker-go	Run go test ./...	2026-02-17T06:30:21.9981054Z ##[error]Process completed with exit code 1.
core-go	Run go test ./...	﻿2026-02-17T06:30:16.4890243Z ##[group]Run go test ./...
core-go	Run go test ./...	2026-02-17T06:30:16.4890552Z [36;1mgo test ./...[0m
core-go	Run go test ./...	2026-02-17T06:30:16.4946424Z shell: /usr/bin/bash -e {0}
core-go	Run go test ./...	2026-02-17T06:30:16.4946679Z ##[endgroup]
core-go	Run go test ./...	2026-02-17T06:30:16.5071088Z go: downloading go1.24.0 (linux/amd64)
core-go	Run go test ./...	2026-02-17T06:30:21.4811474Z go: downloading github.com/jackc/pgx/v5 v5.8.0
core-go	Run go test ./...	2026-02-17T06:30:21.4828708Z go: downloading github.com/oklog/ulid/v2 v2.1.1
core-go	Run go test ./...	2026-02-17T06:30:21.4853075Z go: downloading cloud.google.com/go/storage v1.60.0
core-go	Run go test ./...	2026-02-17T06:30:21.7728644Z go: downloading cloud.google.com/go v0.123.0
core-go	Run go test ./...	2026-02-17T06:30:21.7919344Z go: downloading github.com/jackc/pgpassfile v1.0.0
core-go	Run go test ./...	2026-02-17T06:30:21.7920186Z go: downloading github.com/jackc/pgservicefile v0.0.0-20240606120523-5a60cdf6a761
core-go	Run go test ./...	2026-02-17T06:30:21.7920921Z go: downloading golang.org/x/text v0.33.0
core-go	Run go test ./...	2026-02-17T06:30:21.8639170Z go: downloading github.com/jackc/puddle/v2 v2.2.2
core-go	Run go test ./...	2026-02-17T06:30:21.8823039Z go: downloading cloud.google.com/go/compute/metadata v0.9.0
core-go	Run go test ./...	2026-02-17T06:30:21.8824993Z go: downloading cloud.google.com/go/auth v0.18.1
core-go	Run go test ./...	2026-02-17T06:30:21.9286751Z go: downloading cloud.google.com/go/iam v1.5.3
core-go	Run go test ./...	2026-02-17T06:30:22.0098104Z go: downloading github.com/GoogleCloudPlatform/opentelemetry-operations-go/exporter/metric v0.55.0
core-go	Run go test ./...	2026-02-17T06:30:22.0176875Z go: downloading github.com/google/uuid v1.6.0
core-go	Run go test ./...	2026-02-17T06:30:22.0180688Z go: downloading github.com/googleapis/gax-go/v2 v2.17.0
core-go	Run go test ./...	2026-02-17T06:30:22.0699868Z go: downloading go.opentelemetry.io/contrib/detectors/gcp v1.38.0
core-go	Run go test ./...	2026-02-17T06:30:22.0772802Z go: downloading go.opentelemetry.io/otel v1.39.0
core-go	Run go test ./...	2026-02-17T06:30:22.3632491Z go: downloading go.opentelemetry.io/otel/sdk/metric v1.39.0
core-go	Run go test ./...	2026-02-17T06:30:22.3633833Z go: downloading go.opentelemetry.io/otel/sdk v1.39.0
core-go	Run go test ./...	2026-02-17T06:30:22.4428330Z go: downloading go.opentelemetry.io/otel/trace v1.39.0
core-go	Run go test ./...	2026-02-17T06:30:22.4443149Z go: downloading google.golang.org/api v0.265.0
core-go	Run go test ./...	2026-02-17T06:30:25.4015706Z go: downloading google.golang.org/genproto v0.0.0-20260128011058-8636f8732409
core-go	Run go test ./...	2026-02-17T06:30:25.4016672Z go: downloading google.golang.org/grpc v1.78.0
core-go	Run go test ./...	2026-02-17T06:30:25.7422220Z go: downloading google.golang.org/protobuf v1.36.11
core-go	Run go test ./...	2026-02-17T06:30:26.0082929Z go: downloading golang.org/x/sync v0.19.0
core-go	Run go test ./...	2026-02-17T06:30:26.0098202Z go: downloading google.golang.org/genproto/googleapis/api v0.0.0-20260203192932-546029d2fa20
core-go	Run go test ./...	2026-02-17T06:30:26.0763558Z go: downloading google.golang.org/genproto/googleapis/rpc v0.0.0-20260203192932-546029d2fa20
core-go	Run go test ./...	2026-02-17T06:30:26.0908707Z go: downloading cloud.google.com/go/monitoring v1.24.3
core-go	Run go test ./...	2026-02-17T06:30:26.0953836Z go: downloading github.com/GoogleCloudPlatform/opentelemetry-operations-go/internal/resourcemapping v0.55.0
core-go	Run go test ./...	2026-02-17T06:30:26.1250189Z go: downloading golang.org/x/oauth2 v0.35.0
core-go	Run go test ./...	2026-02-17T06:30:26.1419451Z go: downloading github.com/GoogleCloudPlatform/opentelemetry-operations-go/detectors/gcp v1.30.0
core-go	Run go test ./...	2026-02-17T06:30:26.1754583Z go: downloading github.com/go-logr/logr v1.4.3
core-go	Run go test ./...	2026-02-17T06:30:26.1755419Z go: downloading go.opentelemetry.io/otel/metric v1.39.0
core-go	Run go test ./...	2026-02-17T06:30:26.1903052Z go: downloading golang.org/x/sys v0.40.0
core-go	Run go test ./...	2026-02-17T06:30:26.2264525Z go: downloading cloud.google.com/go/auth/oauth2adapt v0.2.8
core-go	Run go test ./...	2026-02-17T06:30:26.2266467Z go: downloading go.opentelemetry.io/contrib/instrumentation/net/http/otelhttp v0.61.0
core-go	Run go test ./...	2026-02-17T06:30:26.2321226Z go: downloading golang.org/x/net v0.49.0
core-go	Run go test ./...	2026-02-17T06:30:26.2858827Z go: downloading go.opentelemetry.io/contrib/instrumentation/google.golang.org/grpc/otelgrpc v0.63.0
core-go	Run go test ./...	2026-02-17T06:30:26.3378794Z go: downloading golang.org/x/time v0.14.0
core-go	Run go test ./...	2026-02-17T06:30:26.3858699Z go: downloading github.com/go-logr/stdr v1.2.2
core-go	Run go test ./...	2026-02-17T06:30:26.4330137Z go: downloading go.opentelemetry.io/auto/sdk v1.2.1
core-go	Run go test ./...	2026-02-17T06:30:26.4336106Z go: downloading github.com/cespare/xxhash/v2 v2.3.0
core-go	Run go test ./...	2026-02-17T06:30:26.4820087Z go: downloading github.com/google/s2a-go v0.1.9
core-go	Run go test ./...	2026-02-17T06:30:26.4824235Z go: downloading github.com/googleapis/enterprise-certificate-proxy v0.3.11
core-go	Run go test ./...	2026-02-17T06:30:26.4829250Z go: downloading github.com/felixge/httpsnoop v1.0.4
core-go	Run go test ./...	2026-02-17T06:30:26.4850874Z go: downloading github.com/envoyproxy/go-control-plane/envoy v1.35.0
core-go	Run go test ./...	2026-02-17T06:30:26.5638668Z go: downloading github.com/spiffe/go-spiffe/v2 v2.6.0
core-go	Run go test ./...	2026-02-17T06:30:27.0154938Z go: downloading github.com/cncf/xds/go v0.0.0-20251022180443-0feb69152e9f
core-go	Run go test ./...	2026-02-17T06:30:27.0174495Z go: downloading github.com/go-jose/go-jose/v4 v4.1.3
core-go	Run go test ./...	2026-02-17T06:30:27.0851806Z go: downloading github.com/envoyproxy/protoc-gen-validate v1.2.1
core-go	Run go test ./...	2026-02-17T06:30:27.0858455Z go: downloading cel.dev/expr v0.24.0
core-go	Run go test ./...	2026-02-17T06:30:27.0862130Z go: downloading golang.org/x/crypto v0.47.0
core-go	Run go test ./...	2026-02-17T06:30:34.9394120Z ok  	modulajar/apps/core-go	0.007s
core-go	Run go test ./...	2026-02-17T06:30:34.9396545Z ?   	modulajar/apps/core-go/cmd/planner	[no test files]
core-go	Run go test ./...	2026-02-17T06:30:34.9398766Z ?   	modulajar/apps/core-go/cmd/validate	[no test files]
core-go	Run go test ./...	2026-02-17T06:31:08.9676173Z ?   	modulajar/apps/core-go/cmd/worker	[no test files]
core-go	Run go test ./...	2026-02-17T06:31:09.0253631Z ok  	modulajar/apps/core-go/db	0.010s
core-go	Run go test ./...	2026-02-17T06:31:09.0254749Z ?   	modulajar/apps/core-go/docgraph	[no test files]
core-go	Run go test ./...	2026-02-17T06:31:10.0611958Z ok  	modulajar/apps/core-go/gcs	0.011s
core-go	Run go test ./...	2026-02-17T06:31:10.0612870Z ok  	modulajar/apps/core-go/packloader	0.003s
core-go	Run go test ./...	2026-02-17T06:31:10.0613603Z ok  	modulajar/apps/core-go/planner	0.003s
core-go	Run go test ./...	2026-02-17T06:31:10.2347757Z ok  	modulajar/apps/core-go/render	0.189s
core-go	Run go test ./...	2026-02-17T06:31:10.2380022Z ok  	modulajar/apps/core-go/template	0.004s
core-go	Run go test ./...	2026-02-17T06:31:10.2553698Z ok  	modulajar/apps/core-go/validator	0.004s
core-go	Run go test ./...	2026-02-17T06:31:11.6838629Z --- FAIL: TestLifecycleStatusTransitions (0.03s)
core-go	Run go test ./...	2026-02-17T06:31:11.6839274Z     worker_test.go:103: expected 4 status updates, got 0
core-go	Run go test ./...	2026-02-17T06:31:11.6839575Z FAIL
core-go	Run go test ./...	2026-02-17T06:31:11.6839773Z FAIL	modulajar/apps/core-go/worker	0.290s
core-go	Run go test ./...	2026-02-17T06:31:11.6840142Z FAIL
core-go	Run go test ./...	2026-02-17T06:31:11.8760613Z ##[error]Process completed with exit code 1.
